
> my-v0-project@0.1.0 build
> prisma generate && next build

npm : warn The 
configuration 
property 
`package.json#prisma` 
is deprecated and 
will be removed in 
Prisma 7. Please 
migrate to a Prisma 
config file (e.g., 
`prisma.config.ts`).
At line:1 char:1
+ npm run build 2>&1 
> build_output.txt; 
Get-Content 
build_output.txt - ...
+ ~~~~~~~~~~~~~~~~~~~~
~~~~~~~~~~~~~~~~~
    + CategoryInfo    
          : NotSpeci  
  fied: (warn The c   
 onfig...ma.config    
.ts`).:String) []    
, RemoteException
    + FullyQualifiedE 
   rrorId : NativeCo  
  mmandError
 
For more information, 
see: https://pris.ly/p
risma-config

Prisma schema loaded from prisma\schema.prisma

✔ Generated Prisma Client (v6.18.0) to .\node_modules\@prisma\client in 542ms

Start by importing your Prisma Client (See: https://pris.ly/d/importing-client)

Tip: Interested in query caching in just a few lines of code? Try Accelerate today! https://pris.ly/tip-3-accelerate

   ▲ Next.js 16.0.10 (Turbopack)

 ⚠ The "middleware" 
file convention is 
deprecated. Please 
use "proxy" instead. 
Learn more: https://ne
xtjs.org/docs/messages
/middleware-to-proxy
   Creating an optimized production build ...
 ✓ Compiled successfully in 56s
   Skipping validation of types
   Collecting page data using 3 workers ...
   Generating static pages using 3 workers (0/200) ...
   Generating static pages using 3 workers (50/200) 
   Generating static pages using 3 workers (100/200) 
   Generating static pages using 3 workers (150/200) 
 ✓ Generating static pages using 3 workers (200/200) in 6.9s
   Finalizing page optimization ...

Route (app)
┌ ○ /
├ ○ /_not-found
├ ○ /about
├ ƒ /admin
├ ƒ /admin/airtime-services
├ ƒ /admin/api-settings
├ ƒ /admin/assets
├ ƒ /admin/bvn/android-requests
├ ƒ /admin/bvn/modification-requests
├ ƒ /admin/catalog
├ ƒ /admin/disputes
├ ƒ /admin/finance
├ ƒ /admin/kyc-requests
├ ƒ /admin/logs
├ ƒ /admin/marketers
├ ƒ /admin/nin/templates
├ ƒ /admin/nin/templates/builder
├ ƒ /admin/notifications
├ ƒ /admin/payments
├ ƒ /admin/pos-requests
├ ƒ /admin/pricing
├ ƒ /admin/providers
├ ƒ /admin/reports
├ ƒ /admin/requests
├ ƒ /admin/services
├ ƒ /admin/settings
├ ƒ /admin/settings/notifications
├ ƒ /admin/software-development/all
├ ƒ /admin/software-development/assigned
├ ƒ /admin/software-development/completed
├ ƒ /admin/software-development/finance
├ ƒ /admin/software-development/in-progress
├ ƒ /admin/training-manager
├ ƒ /admin/ui-metrics
├ ƒ /admin/users
├ ƒ /api/admin/assets
├ ƒ /api/admin/audit-logs
├ ƒ /api/admin/catalog
├ ƒ /api/admin/catalog/[id]
├ ƒ /api/admin/disputes
├ ƒ /api/admin/finance/summary
├ ƒ /api/admin/kyc
├ ƒ /api/admin/marketers
├ ƒ /api/admin/marketers/action
├ ƒ /api/admin/nin-templates
├ ƒ /api/admin/nin-templates/[id]
├ ƒ /api/admin/payments
├ ƒ /api/admin/pos/requests
├ ƒ /api/admin/pos/requests/[id]
├ ƒ /api/admin/pricing
├ ƒ /api/admin/providers
├ ƒ /api/admin/providers/[id]
├ ƒ /api/admin/providers/[id]/api-key
├ ƒ /api/admin/providers/[id]/test
├ ƒ /api/admin/providers/category/[category]
├ ƒ /api/admin/reports/daily-profit
├ ƒ /api/admin/reports/export
├ ƒ /api/admin/reports/metrics
├ ƒ /api/admin/requests
├ ƒ /api/admin/requests/upload
├ ƒ /api/admin/service/logs/[reference]
├ ƒ /api/admin/service/refund/[reference]
├ ƒ /api/admin/service/retry/[reference]
├ ƒ /api/admin/services
├ ƒ /api/admin/services/availability
├ ƒ /api/admin/services/manual
├ ƒ /api/admin/services/metrics
├ ƒ /api/admin/settings
├ ƒ /api/admin/settings/security
├ ƒ /api/admin/software/requests
├ ƒ /api/admin/software/requests/[id]/costs
├ ƒ /api/admin/system-settings/bvn-android
├ ƒ /api/admin/users
├ ƒ /api/admin/users/[id]
├ ƒ /api/admin/users/[id]/actions
├ ƒ /api/admin/wallet/adjust
├ ƒ /api/admin/wallet/summary
├ ƒ /api/auth/[...nextauth]
├ ƒ /api/auth/2fa/check
├ ƒ /api/auth/2fa/setup
├ ƒ /api/auth/2fa/verify
├ ƒ /api/auth/login
├ ƒ /api/auth/logout
├ ƒ /api/auth/me
├ ƒ /api/auth/password-reset/request
├ ƒ /api/auth/password-reset/verify
├ ƒ /api/auth/refresh
├ ƒ /api/auth/register
├ ƒ /api/auth/signup
├ ƒ /api/auth/signup-otp/request
├ ƒ /api/auth/signup-otp/verify
├ ƒ /api/auth/verify-password
├ ƒ /api/dashboard/stats
├ ƒ /api/debug/webhooks
├ ƒ /api/disputes
├ ƒ /api/health
├ ƒ /api/kyc/[id]
├ ƒ /api/kyc/status
├ ƒ /api/kyc/submit
├ ƒ /api/marketers/me
├ ƒ /api/marketers/register
├ ƒ /api/me
├ ƒ /api/me/password
├ ƒ /api/me/pin
├ ƒ /api/me/requests
├ ƒ /api/notifications
├ ƒ /api/pdf
├ ƒ /api/popup-messages
├ ƒ /api/pos/requests
├ ƒ /api/pricing
├ ƒ /api/pricing/parameters
├ ƒ /api/service
├ ƒ /api/service-catalog
├ ƒ /api/service/[category]/[action]
├ ƒ /api/service/status/[reference]
├ ƒ /api/service/webhook/[reference]
├ ƒ /api/software/requests
├ ƒ /api/system/contact-settings
├ ƒ /api/system/maintenance
├ ƒ /api/templates/resolve
├ ƒ /api/training
├ ƒ /api/training/upload
├ ƒ /api/transaction/[reference]/status
├ ƒ /api/uploads
├ ƒ /api/user/transactions/recent
├ ƒ /api/verification
├ ƒ /api/wallet/balance
├ ƒ /api/wallet/fund
├ ƒ /api/wallet/spend-metrics
├ ƒ /api/wallet/transactions
├ ƒ /api/wallet/virtual-account
├ ƒ /api/wallet/virtual-account/create
├ ƒ /api/wallet/virtual-accounts
├ ƒ /api/wallet/webhook/monnify
├ ƒ /api/wallet/webhook/paymentpoint
├ ƒ /api/wallet/webhook/test
├ ○ /contact
├ ƒ /dashboard
├ ƒ /dashboard/disputes
├ ƒ /dashboard/kyc
├ ƒ /dashboard/kyc/pending
├ ƒ /dashboard/marketer
├ ƒ /dashboard/notifications
├ ƒ /dashboard/requests
├ ƒ /dashboard/settings
├ ƒ /dashboard/wallet
├ ○ /forgot-password
├ ○ /login
├ ○ /login/2fa
├ ○ /partner
├ ○ /privacy
├ ○ /services
├ ○ /services/agency-banking
├ ○ /services/agency-banking/marketer
├ ○ /services/agency-banking/pos-request
├ ○ /services/airtime
├ ○ /services/airtime/airtime-2-cash
├ ○ /services/airtime/glo
├ ○ /services/airtime/mtn
├ ○ /services/airtime/share-n-sell
├ ○ /services/airtime/vtu
├ ○ /services/bills
├ ○ /services/bills/cable
├ ○ /services/bills/electricity
├ ○ /services/bvn
├ ○ /services/bvn/android-license
├ ○ /services/bvn/central-risk
├ ○ /services/bvn/modification
├ ○ /services/bvn/printout
├ ○ /services/bvn/retrieval
├ ○ /services/cac
├ ○ /services/cac/certification
├ ○ /services/cac/jtb-tin
├ ○ /services/cac/post-incorporation
├ ○ /services/cac/registration
├ ○ /services/cac/status-report
├ ○ /services/data
├ ○ /services/data/cooperate
├ ○ /services/data/gift
├ ○ /services/data/mtn-data
├ ○ /services/data/sme
├ ○ /services/education
├ ○ /services/education/jamb
├ ○ /services/education/nabteb
├ ○ /services/education/nbais
├ ○ /services/education/neco
├ ○ /services/education/nysc
├ ○ /services/education/waec
├ ○ /services/nin
├ ○ /services/nin/ipe-clearance
├ ○ /services/nin/modification
├ ○ /services/nin/printout
├ ○ /services/nin/slip
├ ○ /services/nin/validation
├ ○ /services/software-development
├ ○ /services/software-development/custom
├ ○ /services/software-development/mobile
├ ○ /services/software-development/web
├ ○ /services/training
├ ○ /services/training/agency-updates
├ ○ /services/training/bvn-modification
├ ○ /services/training/cac-registration
├ ○ /services/training/free-user
├ ○ /services/training/nin-modification
├ ○ /services/training/premium-user
├ ○ /services/verification
├ ○ /services/verification/bvn
├ ○ /services/verification/cac
├ ○ /services/verification/driver-license
├ ○ /services/verification/nin
├ ○ /services/verification/passport
├ ○ /services/verification/phone
├ ○ /services/verification/plate-number
├ ○ /services/verification/tin
├ ○ /services/verification/voters-card
├ ○ /signup
├ ○ /terms
└ ○ /user-dashboard/my-projects


ƒ Proxy (Middleware)

○  (Static)   prerendered as static content
ƒ  (Dynamic)  server-rendered on demand

